gi
Kolitha@DESKTOP-SM0UKRA MINGW32 ~/Desktop/SHIIT/Year 03/pafff/lab02 (master)
$ git clone https://github.com/it21119026/paf_practical_lab_02.git
Cloning into 'paf_practical_lab_02'...
remote: Enumerating objects: 3, done.
remote: Counting objects: 100% (3/3), done.
remote: Total 3 (delta 0), reused 0 (delta 0), pack-reused 0
Receiving objects: 100% (3/3), done.

Kolitha@DESKTOP-SM0UKRA MINGW32 ~/Desktop/SHIIT/Year 03/pafff/lab02 (master)
$ cd paf_practical_lab_02

Kolitha@DESKTOP-SM0UKRA MINGW32 ~/Desktop/SHIIT/Year 03/pafff/lab02/paf_practical_lab_02 (main)
$ git checkout -b feature/Malan/Login
Switched to a new branch 'feature/Malan/Login'

Kolitha@DESKTOP-SM0UKRA MINGW32 ~/Desktop/SHIIT/Year 03/pafff/lab02/paf_practical_lab_02 (feature/Malan/Login)
$ git add .

Kolitha@DESKTOP-SM0UKRA MINGW32 ~/Desktop/SHIIT/Year 03/pafff/lab02/paf_practical_lab_02 (feature/Malan/Login)
$ git status
On branch feature/Malan/Login
nothing to commit, working tree clean

Kolitha@DESKTOP-SM0UKRA MINGW32 ~/Desktop/SHIIT/Year 03/pafff/lab02/paf_practical_lab_02 (feature/Malan/Login)
$ git status
On branch feature/Malan/Login
Untracked files:
  (use "git add <file>..." to include in what will be committed)
        Hi.txt
        lab_2.txt

nothing added to commit but untracked files present (use "git add" to track)

Kolitha@DESKTOP-SM0UKRA MINGW32 ~/Desktop/SHIIT/Year 03/pafff/lab02/paf_practical_lab_02 (feature/Malan/Login)
$ git add .

Kolitha@DESKTOP-SM0UKRA MINGW32 ~/Desktop/SHIIT/Year 03/pafff/lab02/paf_practical_lab_02 (feature/Malan/Login)
$ git status
On branch feature/Malan/Login
Changes to be committed:
  (use "git restore --staged <file>..." to unstage)
        new file:   Hi.txt
        new file:   lab_2.txt


Kolitha@DESKTOP-SM0UKRA MINGW32 ~/Desktop/SHIIT/Year 03/pafff/lab02/paf_practical_lab_02 (feature/Malan/Login)
$ git commit -m "Login Update"
[feature/Malan/Login ae27940] Login Update
 2 files changed, 74 insertions(+)
 create mode 100644 Hi.txt
 create mode 100644 lab_2.txt

Kolitha@DESKTOP-SM0UKRA MINGW32 ~/Desktop/SHIIT/Year 03/pafff/lab02/paf_practical_lab_02 (feature/Malan/Login)
$ git remote -v
origin  https://github.com/it21119026/paf_practical_lab_02.git (fetch)
origin  https://github.com/it21119026/paf_practical_lab_02.git (push)

Kolitha@DESKTOP-SM0UKRA MINGW32 ~/Desktop/SHIIT/Year 03/pafff/lab02/paf_practical_lab_02 (feature/Malan/Login)
$ git push origin ^[[200~
fatal: invalid refspec '?[200~'

Kolitha@DESKTOP-SM0UKRA MINGW32 ~/Desktop/SHIIT/Year 03/pafff/lab02/paf_practical_lab_02 (feature/Malan/Login)
$ ~git push origin feature/Malan/Login
bash: ~git: command not found

Kolitha@DESKTOP-SM0UKRA MINGW32 ~/Desktop/SHIIT/Year 03/pafff/lab02/paf_practical_lab_02 (feature/Malan/Login)
$ git push origin feature/Malan/Login
Enumerating objects: 5, done.
Counting objects: 100% (5/5), done.
Delta compression using up to 4 threads
Compressing objects: 100% (3/3), done.
Writing objects: 100% (4/4), 1.06 KiB | 1.06 MiB/s, done.
Total 4 (delta 0), reused 0 (delta 0), pack-reused 0
remote:
remote: Create a pull request for 'feature/Malan/Login' on GitHub by visiting:
remote:      https://github.com/it21119026/paf_practical_lab_02/pull/new/feature/Malan/Login
remote:
To https://github.com/it21119026/paf_practical_lab_02.git
 * [new branch]      feature/Malan/Login -> feature/Malan/Login

Kolitha@DESKTOP-SM0UKRA MINGW32 ~/Desktop/SHIIT/Year 03/pafff/lab02/paf_practical_lab_02 (feature/Malan/Login)
$
